<?xml version="1.0" encoding="UTF-8" ?>
<testsuites name="vitest tests" tests="5" failures="0" errors="0" time="0.318620833">
    <testsuite name="src/app/components/ampel-page/ampel-page.component.smoke.test.ts" timestamp="2026-05-03T15:39:59.456Z" hostname="work-station" tests="1" failures="0" errors="0" skipped="0" time="0.146854208">
        <testcase classname="src/app/components/ampel-page/ampel-page.component.smoke.test.ts" name="AmpelPageComponent smoke test &gt; renders the traffic light controls" time="0.1450165">
        </testcase>
    </testsuite>
    <testsuite name="src/app/components/ampel-page/ampel-page.component.unit.test.ts" timestamp="2026-05-03T15:39:59.457Z" hostname="work-station" tests="4" failures="0" errors="0" skipped="0" time="0.171766625">
        <testcase classname="src/app/components/ampel-page/ampel-page.component.unit.test.ts" name="AmpelPageComponent &gt; starts with no active light" time="0.11841575">
        </testcase>
        <testcase classname="src/app/components/ampel-page/ampel-page.component.unit.test.ts" name="AmpelPageComponent &gt; switches the red light on manually" time="0.02897175">
        </testcase>
        <testcase classname="src/app/components/ampel-page/ampel-page.component.unit.test.ts" name="AmpelPageComponent &gt; switches the yellow light on manually" time="0.012375667">
        </testcase>
        <testcase classname="src/app/components/ampel-page/ampel-page.component.unit.test.ts" name="AmpelPageComponent &gt; switches the green light on manually" time="0.011085">
        </testcase>
    </testsuite>
</testsuites>
